// Jest Snapshot v1, https://goo.gl/fbAQLP

exports[`<Orders /> should render and match the snapshot 1`] = `
<div
  class="Modal"
  style="visibility: hidden; opacity: 0;"
>
  <div
    class="Loader"
  >
    <h3>
      <span>
        Loading...
      </span>
    </h3>
  </div>
</div>
`;

exports[`<Orders /> should render and match the snapshot with spinner 1`] = `
<div
  class="Modal"
  style="visibility: hidden; opacity: 0;"
>
  <div
    class="Loader"
  >
    <h3>
      <span>
        Loading...
      </span>
    </h3>
  </div>
</div>
`;
