// Jest Snapshot v1, https://goo.gl/fbAQLP

exports[`<Toolbar /> should render and match the snapshot 1`] = `
<header
  class="Toolbar"
>
  <div
    class="Logo"
  >
    <img
      alt="Bus"
      src="IMAGE_MOCK"
    />
    <p>
      <span>
        Aju's Bus
      </span>
    </p>
  </div>
  <nav>
    <ul
      class="NavigationItems"
    >
      <li
        class="NavigationItem"
      >
        <a
          aria-current="page"
          class="active"
          href="/"
        >
          <span>
            Home
          </span>
        </a>
      </li>
      <li
        class="NavigationItem"
      >
        <a
          href="/order"
        >
          <span>
            Book Tickets
          </span>
        </a>
      </li>
      <li
        class="NavigationItem"
      >
        <a
          href="/login"
        >
          <span>
            Login
          </span>
        </a>
      </li>
    </ul>
  </nav>
</header>
`;
